
> campmanagementsystem@0.0.0 build
> tsc -b && vite build

src/user/pages/task/compounds/RichTextEditor.tsx(14,5): error TS6133: 'FiMaximize2' is declared but its value is never read.
src/user/pages/task/compounds/RichTextEditor.tsx(461,11): error TS6133: 'toggleFullscreen' is declared but its value is never read.
src/user/pages/task/compounds/TaskEdit.tsx(3,5): error TS6133: 'FiCheck' is declared but its value is never read.
src/user/pages/task/compounds/TaskEdit.tsx(10,5): error TS6133: 'FiActivity' is declared but its value is never read.
src/user/pages/task/compounds/TaskEdit.tsx(73,11): error TS6133: 'stripHtml' is declared but its value is never read.
